// Jest Snapshot v1, https://goo.gl/fbAQLP

exports[`Wallet renders properly 1`] = `ShallowWrapper {}`;
